*** BEGIN Output ***
--- a.php ---
git --no-pager show :'a.php'
--- b.php ---
git --no-pager show :'b.php'
*** END Output ***
