*** BEGIN Output ***
--- ./a.php ---
<?php

$a = "foo";
--- ./b.php ---
<?php

$a = "foo";
*** END Output ***
