1.0.0:
    refName: 1.0.0
    objectType: commit
    objectName: SHA-1
    taggerDate: ''
1.0.1:
    refName: 1.0.1
    objectType: commit
    objectName: SHA-2
    taggerDate: ''
1.0.2:
    refName: 1.0.2
    objectType: commit
    objectName: SHA-3
    taggerDate: ''
